[www.spark.ai/index.html]
[backblue.gif]
[fade.gif]
[index.html]
[www.spark.ai/hubfs/SparkAI_May_2022/images/602e35fcd0534c162c98930b_favicon_32x32.png]
[www.spark.ai/hubfs/hub_generated/template_assets/1/80620963664/1739225527470/template_main.min.css]
[www.spark.ai/hubfs/hub_generated/module_assets/1/80621732745/1741029448912/module_menu.min.css]
[www.spark.ai/hubfs/hub_generated/module_assets/1/80626958481/1741029451819/module_main-hero.min.css]
[www.spark.ai/hubfs/hub_generated/module_assets/1/80871481706/1741029454930/module_featured-video-main.min.css]
[www.spark.ai/hubfs/hub_generated/module_assets/1/80899660058/1744531790675/module_icon-list-main.min.css]
[www.spark.ai/hubfs/hub_generated/module_assets/1/83568589829/1744531815860/module_client-testimonials.min.css]
[www.spark.ai/hubfs/hub_generated/module_assets/1/86070605487/1744531823101/module_use-case-global-v2.min.css]
[www.spark.ai/hubfs/hub_generated/module_assets/1/80621663575/1741029446378/module_pinned-content.min.css]
[www.spark.ai/hubfs/hub_generated/module_assets/1/81057854866/1744531794895/module_sticky-image.min.css]
[www.spark.ai/hubfs/hub_generated/module_assets/1/81045377320/1741029457871/module_featured-resources-main.min.css]
[www.spark.ai/hubfs/hub_generated/module_assets/1/81041564744/1744531793803/module_mission-statement.min.css]
[www.spark.ai/hubfs/hub_generated/module_assets/1/80621387020/1741029443855/module_big-text.min.css]
[www.spark.ai/hubfs/SparkAI_Main/sparkai-logo.svg]
[www.spark.ai/hubfs/SparkAI_Main/sparkai-logo-inverse.svg]
[www.spark.ai/use-cases.html]
[www.spark.ai/blog.html]
[www.spark.ai/hubfs/SparkAI_Main/hero-logos/ottoLogo.svg]
[www.spark.ai/hubfs/SparkAI_Main/hero-logos/zoox.svg]
[www.spark.ai/hubfs/SparkAI_Main/hero-logos/apple.svg]
[www.spark.ai/hubfs/SparkAI_Main/hero-logos/uberATG_Logo_White.svg]
[www.spark.ai/hubfs/SparkAI_Main/video-thumbnail-robotic-arm-in-factory.jpg]
[www.spark.ai/hubfs/SparkAI_Main/icons/icon-dollar-white.svg]
[www.spark.ai/hubfs/SparkAI_Main/icons/icon-lightbulb-white-1.svg]
[www.spark.ai/hubfs/SparkAI_Main/icons/icon-circle-check-white.svg]
[www.spark.ai/hubfs/SparkAI_Main/icons/icon-thumbs-up-white.svg]
[www.spark.ai/hubfs/SparkAI_Main/icons/noun-tractor-5129321-6CA3CA.svg]
[www.spark.ai/blog/solving-the-last-mile-of-autonomous-farming.html]
[www.spark.ai/hs-fs/hubfs/SparkAI_Main/icons/Screen Shot 2022-08-05 at 2.27.56 PM7100.png]
[www.spark.ai/hubfs/Marketing collateral/Case study PDF - Robotic Parcel Picking.pdf]
[www.spark.ai/hubfs/noun-sprout-1060707-6CA3CA.svg]
[www.spark.ai/hubfs/SparkAI Ebook Solving the AI Edge Case Problem.pdf]
[www.spark.ai/hubfs/SparkAI_May_2022/videos/Precision Agriculture 4.mp4]
[www.spark.ai/hubfs/SparkAI_May_2022/videos/Aerial Intelligence.mp4]
[www.spark.ai/hubfs/SparkAI_May_2022/videos/Inspection.mp4]
[www.spark.ai/hubfs/SparkAI_May_2022/videos/Automated Checkout.mp4]
[www.spark.ai/hubfs/SparkAI_May_2022/videos/eCommerce.mp4]
[www.spark.ai/hubfs/SparkAI_May_2022/videos/Drone Delivery.mp4]
[www.spark.ai/hubfs/SparkAI_May_2022/videos/Retail Robotics.mp4]
[www.spark.ai/hubfs/SparkAI_May_2022/videos/Insurance Claim.mp4]
[www.spark.ai/hubfs/SparkAI_May_2022/videos/Security.mp4]
[www.spark.ai/hubfs/SparkAI_May_2022/videos/Energy Asset Inspection.mp4]
[www.spark.ai/hubfs/SparkAI_May_2022/videos/Industrial Automation.mp4]
[www.spark.ai/hubfs/SparkAI_May_2022/videos/Farm POV.mp4]
[www.spark.ai/hubfs/SparkAI_May_2022/videos/Safety Compliance Monitoring.mp4]
[www.spark.ai/hubfs/SparkAI_May_2022/videos/Trucking.mp4]
[www.spark.ai/hubfs/SparkAI_May_2022/videos/Tractor.mp4]
[www.spark.ai/hubfs/SparkAI_May_2022/videos/Drone Wind Inspection.mp4]
[www.spark.ai/hubfs/SparkAI_May_2022/videos/Predictive Maintenance.mp4]
[www.spark.ai/hubfs/SparkAI_May_2022/videos/Autonomous Haulers.mp4]
[www.spark.ai/hubfs/SparkAI_May_2022/videos/Drone Roof Inspection.mp4]
[www.spark.ai/hs-fs/hubfs/exceptions-solved-feature-image-v2 (1)7a0d.jpg]
[www.spark.ai/hubfs/Autonomous Tractor at Night by John Deere-small .jpg]
[www.spark.ai/hubfs/fortune-500-industrial-robotics-oem.jpg]
[www.spark.ai/fortune-500-industrial-robotics-oem.html]
[www.spark.ai/hubfs/SparkAI_Main/case-studies/ai-property-insurance/ai-powered-insurance-thumbnail.jpg]
[www.spark.ai/case-study-ai-powered-property-insurance.html]
[www.spark.ai/SparkAI_Main/templates/partials/footer.html]
[www.spark.ai/hubfs/SparkAI Template/sparkai-logo.svg]
[www.spark.ai/general/terms.html]
[www.spark.ai/general/privacy.html]
[www.spark.ai/hs/hsstatic/jquery-libs/static-1.1/jquery/jquery-1.7.1.js]
[www.spark.ai/hs/hsstatic/content-cwv-embed/static-1.1293/embed.js]
[www.spark.ai/hubfs/hub_generated/template_assets/1/80621983835/1744444192115/template_main.min.js]
[unpkg.com/@glidejs/glide@3.5.2/dist/glide.js]
[www.spark.ai/hs/scriptloader/20165756.js]
[www.spark.ai/index.html]
[www.spark.ai/hubfs/hub_generated/template_assets/1/80620963664/1739225527470/template_main.min.css]
[www.spark.ai/hubfs/hub_generated/module_assets/1/80621732745/1741029448912/module_menu.min.css]
[www.spark.ai/hs/hsstatic/HubspotToolsMenu/static-1.432/js/index.js]
[20165756.fs1.hubspotusercontent-na1.net/hubfs/20165756/SparkAI_Main/backgrounds/hero-overlay-flow.png]
[www.spark.ai/hubfs/hub_generated/module_assets/1/80626958481/1741029451819/module_main-hero.min.css]
[20165756.fs1.hubspotusercontent-na1.net/hubfs/20165756/SparkAI_Main/backgrounds/featured-video-background.jpg]
[www.spark.ai/hubfs/hub_generated/module_assets/1/80871481706/1741029454930/module_featured-video-main.min.css]
[www.spark.ai/hubfs/hub_generated/module_assets/1/80899660058/1744531790675/module_icon-list-main.min.css]
[www.spark.ai/hubfs/hub_generated/module_assets/1/83568589829/1744531815860/module_client-testimonials.min.css]
[www.spark.ai/hubfs/hub_generated/module_assets/1/86070605487/1744531823101/module_use-case-global-v2.min.css]
[20165756.fs1.hubspotusercontent-na1.net/hubfs/20165756/SparkAI_Main/backgrounds/pinned-content-background.jpg]
[www.spark.ai/hubfs/hub_generated/module_assets/1/80621663575/1741029446378/module_pinned-content.min.css]
[www.spark.ai/hubfs/hub_generated/module_assets/1/81057854866/1744531794895/module_sticky-image.min.css]
[www.spark.ai/hubfs/hub_generated/module_assets/1/81045377320/1741029457871/module_featured-resources-main.min.css]
[20165756.fs1.hubspotusercontent-na1.net/hubfs/20165756/SparkAI_Main/backgrounds/mission-statement-background.jpg]
[www.spark.ai/hubfs/hub_generated/module_assets/1/81041564744/1744531793803/module_mission-statement.min.css]
[www.spark.ai/hubfs/hub_generated/module_assets/1/80621387020/1741029443855/module_big-text.min.css]
[www.googletagmanager.com/gtm5445.html]
[www.spark.ai/hubfs/SparkAI_Main/sparkai-logo.svg]
[www.spark.ai/hubfs/SparkAI_Main/sparkai-logo-inverse.svg]
[www.spark.ai/hubfs/hub_generated/module_assets/1/84014562186/1744531816957/module_use-case-simple-listing.min.css]
[www.spark.ai/hubfs/hub_generated/module_assets/1/80621453715/1744531787145/module_case-studies-cards.min.css]
[www.spark.ai/hubfs/Robotic Parcel Picking Arm.jpg]
[www.spark.ai/use-cases.html]
[www.spark.ai/hubfs/hub_generated/template_assets/1/80621285712/1744444185778/template_blog.min.css]
[www.spark.ai/hubfs/hub_generated/module_assets/1/92386293401/1744531824262/module_blog-listings-test.min.css]
[www.spark.ai/hubfs/hub_generated/module_assets/1/80620967708/1744531782810/module_blog-pagination.min.css]
[www.spark.ai/blog/page/2.html]
[www.spark.ai/blog/rss.xml]
[www.spark.ai/blog/dear-ai-business-leaders-you-are-under-pressure-we-can-help.html]
[platform.linkedin.com/in.js]
[www.spark.ai/hubfs/108050062-cinemagraph-rocket-engines-tak_AdobeExpress.gif]
[www.spark.ai/blog/ai-is-missing-cognition.html]
[www.spark.ai/hubfs/SparkAI_May_2022/images/624ad46965106672bfb1020a_SparkAI thumb.png]
[www.spark.ai/blog/how-to-wield-the-power-of-human-cognition-in-ai-workflows.html]
[www.spark.ai/hubfs/Human Eye Diagrams Showing Concept of Artificial Intelligence and Humans and Technology Collaborating.jpg]
[www.spark.ai/hubfs/John Deere Autonomous Tractor.jpg]
[www.spark.ai/blog/the-human-spark-at-the-ai-frontier.html]
[www.spark.ai/hubfs/SparkAI_May_2022/images/624ad456c9f9ab435d09ae55_Human spark main image_thumb.png]
[www.spark.ai/blog/4-approaches-to-ai-edge-cases-speed-cost-and-accuracy-tradeoffsremoving-the-biggest-obstacle-to-ai-launch-and-scale.html]
[www.spark.ai/hubfs/10-22 Removing Obstacles (1)-1.png]
[www.spark.ai/blog/sparkai-speaks-at-nyc-summit.html]
[www.spark.ai/hubfs/Imported_Blog_Media/12-01-22 NYC Summit.jpg]
[www.spark.ai/blog/the-robot-report-podcast-hosts-sparkai.html]
[www.spark.ai/hubfs/11-16-22 Robot Report Hosts SparkAI.png]
[www.spark.ai/blog/what-is-remote-piloting.html]
[www.spark.ai/hubfs/Imported_Blog_Media/teleoperation.jpg]
[www.spark.ai/blog/to-stay-or-not-to-stay-in-research-and-development-mode.html]
[www.spark.ai/hubfs/space-shuttle-at-nigh-nasa-bill-ingalls copy.png]
[www.spark.ai/blog/why-do-ai-projects-fail-strategic-approaches-to-addressing-edge-cases.html]
[www.spark.ai/hubfs/Ebook - Stats 3.png]
[www.spark.ai/blog/artificial-intelligence-machine-learning-computer-vision-glossary.html]
[www.spark.ai/hubfs/AI glossary-1.png]
[www.spark.ai/hubfs/hub_generated/module_assets/1/92386293401/1744531824262/module_blog-listings-test.min.js]
[connect.facebook.net/en_GB/sdk.js]
[www.spark.ai/blog.html]
[www.spark.ai/hubfs/SparkAI_Main/hero-logos/ottoLogo.svg]
[www.spark.ai/hubfs/SparkAI_Main/hero-logos/zoox.svg]
[www.spark.ai/hubfs/SparkAI_Main/hero-logos/apple.svg]
[www.spark.ai/hubfs/SparkAI_Main/hero-logos/uberATG_Logo_White.svg]
[www.spark.ai/hubfs/SparkAI_Main/icons/icon-dollar-white.svg]
[www.spark.ai/hubfs/SparkAI_Main/icons/icon-lightbulb-white-1.svg]
[www.spark.ai/hubfs/SparkAI_Main/icons/icon-circle-check-white.svg]
[www.spark.ai/hubfs/SparkAI_Main/icons/icon-thumbs-up-white.svg]
[www.spark.ai/hubfs/SparkAI_Main/icons/noun-tractor-5129321-6CA3CA.svg]
[platform.twitter.com/widgets.js]
[www.spark.ai/blog/solving-the-last-mile-of-autonomous-farming3d9f.html]
[www.spark.ai/hs-fs/hubfs/11-16-22 Robot Report Hosts SparkAIe9e4.png]
[www.spark.ai/hs-fs/hubfs/Human Eye Diagrams Showing Concept of Artificial Intelligence and Humans and Technology Collaborating3c72.jpg]
[www.spark.ai/hs-fs/hubfs/SparkAI_May_2022/images/624ad46965106672bfb1020a_SparkAI thumb028a.png]
[www.spark.ai/blog/SparkAI_Main/templates/partials/footer.html]
[www.spark.ai/blog/solving-the-last-mile-of-autonomous-farming.html]
[www.spark.ai/hubfs/noun-sprout-1060707-6CA3CA.svg]
[static.hsappstatic.net/video-embed/ex/loader.js]
[www.spark.ai/hubfs/hub_generated/template_assets/1/85658785288/1744444183670/template_case-studies.min.css]
[www.spark.ai/hubfs/hub_generated/module_assets/1/81571483496/1744531797026/module_case-study-hero.min.css]
[www.spark.ai/hubfs/hub_generated/module_assets/1/81572894058/1744531798067/module_case-study-content.min.css]
[www.spark.ai/hubfs/hub_generated/module_assets/1/80622272110/1744531789589/module_social-sharing.min.css]
[www.spark.ai/hubfs/SparkAI_Main/case-studies/logistics-company/hero-image-aerial-view-of-factory-floor-darker.jpg]
[www.spark.ai/hubfs/SparkAI_Main/icons/icon-package.svg]
[www.spark.ai/hubfs/SparkAI_Main/case-studies/icon-autonomous-white.svg]
[www.spark.ai/hs-fs/hubfs/SparkAI_Main/case-studies/logistics-company/assembly-line-of-boxes59a8.jpg]
[www.spark.ai/hs-fs/hubfs/SparkAI_Main/case-studies/logistics-company/robot-picking-arm-factory034a.jpg]
[www.spark.ai/hs-fs/hubfs/SparkAI_Main/case-studies/logistics-company/robotic-picking-arm-working-on-line8db7.jpg]
[www.spark.ai/fortune-500-industrial-robotics-oem.html]
[www.spark.ai/hubfs/hub_generated/module_assets/1/81682548115/1744531800197/module_case-study-image.min.css]
[www.spark.ai/hubfs/hub_generated/module_assets/1/93713227882/1744531828006/module_big-quote.min.css]
[www.spark.ai/hubfs/SparkAI_Main/case-studies/ai-property-insurance/AI-powered-property-inspection-case-study-hero-1.jpg]
[www.spark.ai/hubfs/SparkAI_Main/icons/icon-shield-white.svg]
[www.spark.ai/hubfs/SparkAI_Main/icons/icon-clipboard-white.svg]
[www.spark.ai/hs-fs/hubfs/SparkAI_Main/case-studies/ai-property-insurance/ai-powered-property-inspection-on-device-219d0.jpg]
[www.spark.ai/hubfs/SparkAI_Main/case-studies/ai-property-insurance/background-kitchen-home-insurance-inspection.jpg]
[www.spark.ai/hs-fs/hubfs/SparkAI_Main/case-studies/ai-property-insurance/ai-property-inspection-results-with-sparkai-min0b45.jpg]
[www.spark.ai/case-study-ai-powered-property-insurance.html]
[www.spark.ai/SparkAI_Main/templates/partials/footer.html]
[www.spark.ai/hubfs/SparkAI Template/sparkai-logo.svg]
[www.spark.ai/hubfs/hub_generated/module_assets/1/83267696534/1744531813852/module_one-column-content.min.css]
[www.spark.ai/general/SparkAI_Main/templates/partials/footer.html]
[www.spark.ai/general/terms.html]
[www.spark.ai/general/privacy.html]
[www.spark.ai/hubfs/hub_generated/module_assets/1/80621732745/1741029448912/module_menu.min.js]
[www.spark.ai/hs/hsstatic/cos-i18n/static-1.53/bundles/project.js]
[www.spark.ai/hubfs/hub_generated/module_assets/1/80626958481/1741029451819/module_main-hero.min.js]
[www.spark.ai/hubfs/hub_generated/module_assets/1/84014562186/1744531816957/module_use-case-simple-listing.min.css]
[www.spark.ai/hubfs/hub_generated/module_assets/1/80621453715/1744531787145/module_case-studies-cards.min.css]
[www.spark.ai/hubfs/hub_generated/template_assets/1/80621285712/1744444185778/template_blog.min.css]
[www.spark.ai/hubfs/hub_generated/module_assets/1/80871481706/1741029454930/module_featured-video-main.min.js]
[20165756.fs1.hubspotusercontent-na1.net/hubfs/20165756/SparkAI_Main/company/company-hero-background.jpg]
[www.spark.ai/hubfs/hub_generated/module_assets/1/92386293401/1744531824262/module_blog-listings-test.min.css]
[www.spark.ai/hubfs/hub_generated/module_assets/1/80620967708/1744531782810/module_blog-pagination.min.css]
[www.spark.ai/blog/page/1.html]
[www.spark.ai/blog/keep-ai-in-captivity-or-release-into-the-wild.html]
[www.spark.ai/hubfs/Heavy Industry Autonomous Machines.jpg]
[www.spark.ai/hubfs/SparkAI_May_2022/images/datacorpusasymptote.png]
[www.spark.ai/hubfs/SparkAI_May_2022/images/unnamed.gif]
[www.spark.ai/hubfs/SparkAI_May_2022/images/merlin_171417870_3fe1baa6-573f-4047-93f7-fd66cd0c271e-superJumbo.jpg]
[www.spark.ai/hubfs/SparkAI_May_2022/images/1_u_7DPtYho3U38K5MelTEXA.jpg]
[www.spark.ai/hubfs/SparkAI_May_2022/images/GettyImages-168265499.jpg]
[www.spark.ai/hubfs/SparkAI_May_2022/images/B3-GO670_KEYWOR_16H_20200424124058.jpg]
[www.spark.ai/hubfs/SparkAI_May_2022/images/Accenture-Cyber-Portrait-Hyper.png]
[www.spark.ai/hubfs/SparkAI_May_2022/images/image1.png]
[www.spark.ai/hubfs/SparkAI_May_2022/images/merlin_172153422_388254eb-db0b-4695-8e33-866d99c67cb2-superJumbo.jpg]
[www.spark.ai/hubfs/SparkAI_May_2022/images/Tennant28.jpg]
[www.spark.ai/blog/page/SparkAI_Main/templates/partials/footer.html]
[www.spark.ai/blog/page/2.html]
[www.spark.ai/blog/dear-ai-business-leaders-you-are-under-pressure-we-can-help3d9f.html]
[www.spark.ai/hs-fs/hubfs/Ebook - Stats 33bff.png]
[www.spark.ai/hs-fs/hubfs/John Deere Autonomous Tractorf55b.jpg]
[www.spark.ai/blog/dear-ai-business-leaders-you-are-under-pressure-we-can-help.html]
[www.spark.ai/blog/ai-is-missing-cognition3d9f.html]
[www.spark.ai/hubfs/SparkAI_May_2022/images/624ad466134415ed6b3050ef_SparkAI banner.png]
[www.spark.ai/hubfs/SparkAI_May_2022/images/624aba60239a2e70256a637d_0_IHZ_GTCQEgpdbfB-.png]
[www.spark.ai/hubfs/SparkAI_May_2022/images/624aba60dc2c375a594b4a72_1_g0kxjWrnB8qPi555GSQOhg.gif]
[www.spark.ai/hubfs/SparkAI_May_2022/images/624aba60720e26589da1f08f_1_D229a89vs2mHIQrAV3PeXQ.png]
[www.spark.ai/contact8038.html]
[www.spark.ai/hs-fs/hubfs/108050062-cinemagraph-rocket-engines-tak_AdobeExpress81e6.gif]
[www.spark.ai/blog/ai-is-missing-cognition.html]
[www.spark.ai/blog/how-to-wield-the-power-of-human-cognition-in-ai-workflows3d9f.html]
[www.spark.ai/hubfs/Social Media Version - Human Eye Diagrams Showing Concept of Artificial Intelligence and Humans and Technology Collaborating copy.jpg]
[roboticsbiz.com/wp-content/uploads/2021/02/teleoperation.jpg]
[www.spark.ai/hs-fs/hubfs/teleoperation38ce.jpg]
[www.spark.ai/hs-fs/hubfs/How your robot interacts with the real world - SparkAI vs Remote Piloting v2400e.png]
[www.spark.ai/hs-fs/hubfs/94533745-huge65ea.jpg]
[www.spark.ai/hs-fs/hubfs/Imported_Blog_Media/teleoperationa601.jpg]
[www.spark.ai/blog/how-to-wield-the-power-of-human-cognition-in-ai-workflows.html]
[www.spark.ai/blog/the-human-spark-at-the-ai-frontier3d9f.html]
[www.spark.ai/hubfs/SparkAI_May_2022/images/624ad44cc4c1a94b70e28c36_Human spark main image.png]
[www.spark.ai/hubfs/SparkAI_May_2022/images/624abb751aad9a5174526f8b_1_mn98ZA1IwmguLltQtWnaSQ.jpg]
[www.spark.ai/hubfs/SparkAI_May_2022/images/624abb755473e4232b13ef73_1_pWbeCY9r0-Z7WaBTbsC4KQ.png]
[www.spark.ai/blog/the-human-spark-at-the-ai-frontier.html]
[www.spark.ai/blog/4-approaches-to-ai-edge-cases-speed-cost-and-accuracy-tradeoffsremoving-the-biggest-obstacle-to-ai-launch-and-scale3d9f.html]
[www.spark.ai/hubfs/10-22 Removing Obstacles (1).png]
[www.spark.ai/hs-fs/hubfs/Edge Cases Graphic Title 1 (2)-pngfc3e.png]
[www.spark.ai/hs-fs/hubfs/space-shuttle-at-nigh-nasa-bill-ingalls copyace2.png]
[www.spark.ai/hs-fs/hubfs/Imported_Blog_Media/12-01-22 NYC Summit9d93.jpg]
[www.spark.ai/blog/4-approaches-to-ai-edge-cases-speed-cost-and-accuracy-tradeoffsremoving-the-biggest-obstacle-to-ai-launch-and-scale.html]
[www.spark.ai/blog/sparkai-speaks-at-nyc-summit3d9f.html]
[www.spark.ai/hubfs/Imported_Blog_Media/12-01-22 NYC Summit - no player.jpg]
[www.spark.ai/hs-fs/hubfs/AI glossary-1283e.jpg]
[www.spark.ai/blog/sparkai-speaks-at-nyc-summit.html]
[www.spark.ai/blog/the-robot-report-podcast-hosts-sparkai3d9f.html]
[www.spark.ai/hubfs/The-Robot-Report-Podcast-Michael-Kohen.wav]
[www.spark.ai/hs-fs/hubfs/10-22 Removing Obstacles (1)-1ae2e.png]
[www.spark.ai/blog/the-robot-report-podcast-hosts-sparkai.html]
[www.spark.ai/blog/what-is-remote-piloting3d9f.html]
[www.spark.ai/staged-blog/blog/artificial-intelligence-machine-learning-computer-vision-glossary]
[www.spark.ai/staged-blog/blog/how-to-wield-the-power-of-human-cognition-in-ai-workflows]
[www.spark.ai/hs-fs/hubfs/SparkAI_May_2022/images/624ad456c9f9ab435d09ae55_Human spark main image_thumba055.png]
[www.spark.ai/blog/what-is-remote-piloting.html]
[www.spark.ai/blog/to-stay-or-not-to-stay-in-research-and-development-mode3d9f.html]
[www.spark.ai/hs-fs/hubfs/Heavy Industry Autonomous Machines1449.jpg]
[www.spark.ai/blog/to-stay-or-not-to-stay-in-research-and-development-mode.html]
[www.spark.ai/blog/why-do-ai-projects-fail-strategic-approaches-to-addressing-edge-cases.html]
[www.spark.ai/blog/why-do-ai-projects-fail-strategic-approaches-to-addressing-edge-cases3d9f.html]
[www.spark.ai/blog/artificial-intelligence-machine-learning-computer-vision-glossary3d9f.html]
[www.spark.ai/hubfs/AI glossary.png]
[www.spark.ai/blog/artificial-intelligence-machine-learning-computer-vision-glossary.html]
[connect.facebook.net/en_GB/sdk.js]
[cdn.ampproject.org/v0/amp-analytics-0.1.js]
[cdn.ampproject.org/v0.js]
[www.spark.ai/blog/author/sparkai.html]
[track.hubspot.com/__ptq2f25.gif]
[www.spark.ai/blog/solving-the-last-mile-of-autonomous-farming3d9f.html]
[www.spark.ai/blog/SparkAI_Main/templates/partials/footer.html]
[www.spark.ai/hubfs/hub_generated/template_assets/1/85658785288/1744444183670/template_case-studies.min.css]
[www.spark.ai/hubfs/hub_generated/module_assets/1/81571483496/1744531797026/module_case-study-hero.min.css]
[20165756.fs1.hubspotusercontent-na1.net/hubfs/20165756/SparkAI_Main/case-studies/client-quote-background-min.jpg]
[www.spark.ai/hubfs/hub_generated/module_assets/1/81572894058/1744531798067/module_case-study-content.min.css]
[www.spark.ai/hubfs/hub_generated/module_assets/1/80622272110/1744531789589/module_social-sharing.min.css]
[www.spark.ai/hubfs/SparkAI_Main/icons/icon-package.svg]
[www.spark.ai/hubfs/SparkAI_Main/case-studies/icon-autonomous-white.svg]
[www.spark.ai/hubfs/hub_generated/module_assets/1/81682548115/1744531800197/module_case-study-image.min.css]
[www.spark.ai/hubfs/hub_generated/module_assets/1/93713227882/1744531828006/module_big-quote.min.css]
[www.spark.ai/hubfs/SparkAI_Main/icons/icon-shield-white.svg]
[www.spark.ai/hubfs/SparkAI_Main/icons/icon-clipboard-white.svg]
[www.spark.ai/hubfs/hub_generated/module_assets/1/83267696534/1744531813852/module_one-column-content.min.css]
[www.spark.ai/general/SparkAI_Main/templates/partials/footer.html]
[www.spark.ai/blog/page/1.html]
[www.spark.ai/blog/keep-ai-in-captivity-or-release-into-the-wild.html]
[www.spark.ai/blog/page/SparkAI_Main/templates/partials/footer.html]
[www.spark.ai/contact.html]
[track.hubspot.com/__ptq5145.gif]
[www.spark.ai/blog/dear-ai-business-leaders-you-are-under-pressure-we-can-help3d9f.html]
[cdn.ampproject.org/v0/amp-anim-0.1.js]
[www.spark.ai/blog/author/adm.html]
[track.hubspot.com/__ptqd96f.gif]
[www.spark.ai/blog/ai-is-missing-cognition3d9f.html]
[www.spark.ai/hubfs/hub_generated/module_assets/1/95769832828/1744531831083/module_contact-form-v2.min.css]
[www.spark.ai/hubfs/hub_generated/module_assets/1/83454044330/1744531814919/module_use-case-global.min.css]
[www.spark.ai/hubfs/SparkAI_Main/icons/icon-email.svg]
[www.spark.ai/hs-fs/hubfs/SparkAI_Main/icons/icon-documente69f.png]
[www.spark.ai/hubfs/SparkAI_Main/icons/icon-external-link.svg]
[www.spark.ai/contact8038.html]
[www.spark.ai/_hcms/forms/v2.js]
[track.hubspot.com/__ptqede2.gif]
[www.spark.ai/blog/how-to-wield-the-power-of-human-cognition-in-ai-workflows3d9f.html]
[track.hubspot.com/__ptq6ba4.gif]
[www.spark.ai/blog/the-human-spark-at-the-ai-frontier3d9f.html]
[track.hubspot.com/__ptq0f65.gif]
[www.spark.ai/blog/4-approaches-to-ai-edge-cases-speed-cost-and-accuracy-tradeoffsremoving-the-biggest-obstacle-to-ai-launch-and-scale3d9f.html]
[cdn.ampproject.org/v0/amp-vimeo-0.1.js]
[track.hubspot.com/__ptqf250.gif]
[www.spark.ai/blog/sparkai-speaks-at-nyc-summit3d9f.html]
[cdn.ampproject.org/v0/amp-iframe-0.1.js]
[www.spark.ai/hs/hsstatic/content_shared_assets/static-1.4092/img/iframe-placeholder.png]
[track.hubspot.com/__ptq39ae.gif]
[www.spark.ai/blog/the-robot-report-podcast-hosts-sparkai3d9f.html]
[track.hubspot.com/__ptq4517.gif]
[www.spark.ai/blog/what-is-remote-piloting3d9f.html]
[www.spark.ai/staged-blog/blog/artificial-intelligence-machine-learning-computer-vision-glossary.html]
[www.spark.ai/staged-blog/blog/how-to-wield-the-power-of-human-cognition-in-ai-workflows.html]
[track.hubspot.com/__ptq94d9.gif]
[www.spark.ai/blog/to-stay-or-not-to-stay-in-research-and-development-mode3d9f.html]
[track.hubspot.com/__ptqf5ab.gif]
[www.spark.ai/blog/why-do-ai-projects-fail-strategic-approaches-to-addressing-edge-cases3d9f.html]
[track.hubspot.com/__ptqcc52.gif]
[www.spark.ai/blog/artificial-intelligence-machine-learning-computer-vision-glossary3d9f.html]
[www.spark.ai/blog/author/SparkAI_Main/templates/partials/footer.e4.delayed]
[www.spark.ai/blog/author/sparkai.html]
[cdnjs.cloudflare.com/ajax/libs/smooth-scroll/16.1.3/smooth-scroll.min.js]
[cdnjs.cloudflare.com/ajax/libs/gsap/3.10.4/gsap.min.js]
[cdnjs.cloudflare.com/ajax/libs/gsap/3.10.4/ScrollTrigger.min.js]
[www.spark.ai/contact.html]
[www.spark.ai/blog/author/adm.html]
[www.spark.ai/hubfs/hub_generated/module_assets/1/95769832828/1744531831083/module_contact-form-v2.min.css]
[www.spark.ai/hubfs/hub_generated/module_assets/1/83454044330/1744531814919/module_use-case-global.min.css]
[www.spark.ai/hubfs/SparkAI_Main/icons/icon-email.svg]
[www.spark.ai/hubfs/SparkAI_Main/icons/icon-external-link.svg]
[www.spark.ai/blog/author/SparkAI_Main/templates/partials/footer.html]
[www.spark.ai/blog/keep-ai-in-captivity-or-release-into-the-wild3d9f]
[www.spark.ai/blog/author/murat-ocalan.html]
[track.hubspot.com/__ptq6ab3.gif]
[www.spark.ai/blog/keep-ai-in-captivity-or-release-into-the-wild3d9f]
[www.spark.ai/blog/author/murat-ocalan.html]
